2026-04-16 20:51:21,511 | Connecting to vehicle...
2026-04-16 20:51:21,703 | ArduCopter V4.8.0-dev (c6b614f6)
2026-04-16 20:51:21,704 | DESKTOP-4J1QC4R
2026-04-16 20:51:21,704 | Frame: QUAD/PLUS
2026-04-16 20:51:22,697 | Connected successfully
2026-04-16 20:51:22,698 | Connection string: tcp:127.0.0.1:5762
2026-04-16 20:51:22,698 | Connected | lat=50.450739 lon=30.461242 alt=-0.01m yaw=359.71deg | initial connection ok
2026-04-16 20:51:22,698 | Checking if vehicle is armable...
2026-04-16 20:51:22,699 | Vehicle is armable
2026-04-16 20:51:22,699 | Start check | expected A=50.450739,30.461242 | current=50.450739,30.461242 | dist=0.0 m
2026-04-16 20:51:22,699 | Switching mode to GUIDED...
2026-04-16 20:51:22,700 | Waiting for GUIDED mode...
2026-04-16 20:51:23,701 | Mode switched to GUIDED
2026-04-16 20:51:23,701 | Arming vehicle...
2026-04-16 20:51:23,701 | Waiting for arming...
2026-04-16 20:51:23,804 | Terrain: clamping offset -63 to -30
2026-04-16 20:51:23,809 | Arming motors
2026-04-16 20:51:24,703 | Vehicle armed successfully
2026-04-16 20:51:24,703 | Fixed yaw captured for the whole mission: 359.65 deg
2026-04-16 20:51:24,703 | Taking off to 300.0 m
2026-04-16 20:51:24,704 | Takeoff | lat=50.450739 lon=30.461242 alt=0.00m yaw=359.65deg | target_alt=300.0
2026-04-16 20:51:25,705 | Takeoff | lat=50.450739 lon=30.461242 alt=0.00m yaw=359.62deg | target_alt=300.0
2026-04-16 20:51:26,706 | Takeoff | lat=50.450739 lon=30.461242 alt=0.00m yaw=359.59deg | target_alt=300.0
2026-04-16 20:51:27,707 | Takeoff | lat=50.450739 lon=30.461242 alt=0.11m yaw=359.56deg | target_alt=300.0
2026-04-16 20:51:28,708 | Takeoff | lat=50.450739 lon=30.461242 alt=1.26m yaw=359.60deg | target_alt=300.0
2026-04-16 20:51:29,412 | EKF3 IMU0 MAG0 in-flight yaw alignment complete
2026-04-16 20:51:29,412 | EKF3 IMU1 MAG0 in-flight yaw alignment complete
2026-04-16 20:51:29,708 | Takeoff | lat=50.450739 lon=30.461242 alt=3.36m yaw=359.71deg | target_alt=300.0
2026-04-16 20:51:30,710 | Takeoff | lat=50.450739 lon=30.461242 alt=5.84m yaw=359.72deg | target_alt=300.0
2026-04-16 20:51:31,711 | Takeoff | lat=50.450739 lon=30.461242 alt=8.37m yaw=359.74deg | target_alt=300.0
2026-04-16 20:51:32,716 | Takeoff | lat=50.450739 lon=30.461242 alt=10.86m yaw=359.73deg | target_alt=300.0
2026-04-16 20:51:33,718 | Takeoff | lat=50.450739 lon=30.461242 alt=13.32m yaw=359.72deg | target_alt=300.0
2026-04-16 20:51:34,721 | Takeoff | lat=50.450739 lon=30.461242 alt=15.82m yaw=359.71deg | target_alt=300.0
2026-04-16 20:51:35,722 | Takeoff | lat=50.450739 lon=30.461242 alt=18.30m yaw=359.71deg | target_alt=300.0
2026-04-16 20:51:36,723 | Takeoff | lat=50.450739 lon=30.461242 alt=20.79m yaw=359.71deg | target_alt=300.0
2026-04-16 20:51:37,725 | Takeoff | lat=50.450739 lon=30.461242 alt=23.34m yaw=359.68deg | target_alt=300.0
2026-04-16 20:51:38,726 | Takeoff | lat=50.450739 lon=30.461242 alt=25.83m yaw=359.69deg | target_alt=300.0
2026-04-16 20:51:39,727 | Takeoff | lat=50.450739 lon=30.461242 alt=28.33m yaw=359.70deg | target_alt=300.0
2026-04-16 20:51:40,729 | Takeoff | lat=50.450739 lon=30.461242 alt=30.83m yaw=359.73deg | target_alt=300.0
2026-04-16 20:51:41,730 | Takeoff | lat=50.450739 lon=30.461243 alt=33.32m yaw=359.73deg | target_alt=300.0
2026-04-16 20:51:42,731 | Takeoff | lat=50.450739 lon=30.461243 alt=35.80m yaw=359.73deg | target_alt=300.0
2026-04-16 20:51:43,732 | Takeoff | lat=50.450739 lon=30.461242 alt=38.30m yaw=359.71deg | target_alt=300.0
2026-04-16 20:51:44,733 | Takeoff | lat=50.450739 lon=30.461242 alt=40.85m yaw=359.72deg | target_alt=300.0
2026-04-16 20:51:45,735 | Takeoff | lat=50.450739 lon=30.461242 alt=43.27m yaw=359.74deg | target_alt=300.0
2026-04-16 20:51:46,736 | Takeoff | lat=50.450739 lon=30.461242 alt=45.83m yaw=359.72deg | target_alt=300.0
2026-04-16 20:51:47,737 | Takeoff | lat=50.450739 lon=30.461242 alt=48.36m yaw=359.73deg | target_alt=300.0
2026-04-16 20:51:48,739 | Takeoff | lat=50.450739 lon=30.461243 alt=50.84m yaw=359.77deg | target_alt=300.0
2026-04-16 20:51:49,740 | Takeoff | lat=50.450739 lon=30.461243 alt=53.37m yaw=359.66deg | target_alt=300.0
2026-04-16 20:51:50,742 | Takeoff | lat=50.450739 lon=30.461242 alt=55.83m yaw=359.71deg | target_alt=300.0
2026-04-16 20:51:51,743 | Takeoff | lat=50.450739 lon=30.461242 alt=58.34m yaw=359.72deg | target_alt=300.0
2026-04-16 20:51:52,744 | Takeoff | lat=50.450739 lon=30.461242 alt=60.81m yaw=359.73deg | target_alt=300.0
2026-04-16 20:51:53,745 | Takeoff | lat=50.450739 lon=30.461242 alt=63.29m yaw=359.71deg | target_alt=300.0
2026-04-16 20:51:54,746 | Takeoff | lat=50.450738 lon=30.461242 alt=65.88m yaw=359.66deg | target_alt=300.0
2026-04-16 20:51:55,747 | Takeoff | lat=50.450738 lon=30.461241 alt=68.31m yaw=359.63deg | target_alt=300.0
2026-04-16 20:51:56,748 | Takeoff | lat=50.450738 lon=30.461241 alt=70.79m yaw=359.77deg | target_alt=300.0
2026-04-16 20:51:57,749 | Takeoff | lat=50.450738 lon=30.461241 alt=73.31m yaw=359.71deg | target_alt=300.0
2026-04-16 20:51:58,750 | Takeoff | lat=50.450738 lon=30.461241 alt=75.86m yaw=359.68deg | target_alt=300.0
2026-04-16 20:51:59,752 | Takeoff | lat=50.450738 lon=30.461242 alt=78.31m yaw=359.67deg | target_alt=300.0
2026-04-16 20:52:00,753 | Takeoff | lat=50.450738 lon=30.461242 alt=80.80m yaw=359.64deg | target_alt=300.0
2026-04-16 20:52:01,754 | Takeoff | lat=50.450738 lon=30.461242 alt=83.34m yaw=359.56deg | target_alt=300.0
2026-04-16 20:52:02,756 | Takeoff | lat=50.450738 lon=30.461242 alt=85.83m yaw=359.57deg | target_alt=300.0
2026-04-16 20:52:03,757 | Takeoff | lat=50.450738 lon=30.461242 alt=88.35m yaw=359.55deg | target_alt=300.0
2026-04-16 20:52:04,758 | Takeoff | lat=50.450738 lon=30.461242 alt=90.82m yaw=359.54deg | target_alt=300.0
2026-04-16 20:52:05,759 | Takeoff | lat=50.450738 lon=30.461242 alt=93.33m yaw=359.56deg | target_alt=300.0
2026-04-16 20:52:06,760 | Takeoff | lat=50.450738 lon=30.461242 alt=95.79m yaw=359.55deg | target_alt=300.0
2026-04-16 20:52:07,761 | Takeoff | lat=50.450738 lon=30.461242 alt=98.30m yaw=359.51deg | target_alt=300.0
2026-04-16 20:52:08,762 | Takeoff | lat=50.450738 lon=30.461242 alt=100.80m yaw=359.48deg | target_alt=300.0
2026-04-16 20:52:09,764 | Takeoff | lat=50.450738 lon=30.461242 alt=103.29m yaw=359.49deg | target_alt=300.0
2026-04-16 20:52:10,764 | Takeoff | lat=50.450739 lon=30.461242 alt=105.80m yaw=359.45deg | target_alt=300.0
2026-04-16 20:52:11,766 | Takeoff | lat=50.450739 lon=30.461242 alt=108.34m yaw=359.43deg | target_alt=300.0
2026-04-16 20:52:12,767 | Takeoff | lat=50.450738 lon=30.461242 alt=110.86m yaw=359.36deg | target_alt=300.0
2026-04-16 20:52:13,769 | Takeoff | lat=50.450738 lon=30.461242 alt=113.34m yaw=359.38deg | target_alt=300.0
2026-04-16 20:52:14,770 | Takeoff | lat=50.450738 lon=30.461242 alt=115.85m yaw=359.43deg | target_alt=300.0
2026-04-16 20:52:15,772 | Takeoff | lat=50.450739 lon=30.461242 alt=118.34m yaw=359.38deg | target_alt=300.0
2026-04-16 20:52:16,773 | Takeoff | lat=50.450739 lon=30.461242 alt=120.83m yaw=359.36deg | target_alt=300.0
2026-04-16 20:52:17,774 | Takeoff | lat=50.450738 lon=30.461242 alt=123.33m yaw=359.32deg | target_alt=300.0
2026-04-16 20:52:18,775 | Takeoff | lat=50.450739 lon=30.461242 alt=125.80m yaw=359.38deg | target_alt=300.0
2026-04-16 20:52:19,777 | Takeoff | lat=50.450739 lon=30.461242 alt=128.29m yaw=359.34deg | target_alt=300.0
2026-04-16 20:52:20,777 | Takeoff | lat=50.450739 lon=30.461242 alt=130.87m yaw=359.29deg | target_alt=300.0
2026-04-16 20:52:21,779 | Takeoff | lat=50.450738 lon=30.461242 alt=133.35m yaw=359.35deg | target_alt=300.0
2026-04-16 20:52:22,780 | Takeoff | lat=50.450739 lon=30.461242 alt=135.81m yaw=359.33deg | target_alt=300.0
2026-04-16 20:52:23,781 | Takeoff | lat=50.450739 lon=30.461242 alt=138.34m yaw=359.34deg | target_alt=300.0
2026-04-16 20:52:24,782 | Takeoff | lat=50.450739 lon=30.461242 alt=140.83m yaw=359.29deg | target_alt=300.0
2026-04-16 20:52:25,783 | Takeoff | lat=50.450739 lon=30.461242 alt=143.30m yaw=359.38deg | target_alt=300.0
2026-04-16 20:52:26,785 | Takeoff | lat=50.450739 lon=30.461243 alt=145.84m yaw=359.31deg | target_alt=300.0
2026-04-16 20:52:27,786 | Takeoff | lat=50.450739 lon=30.461242 alt=148.30m yaw=359.26deg | target_alt=300.0
2026-04-16 20:52:28,787 | Takeoff | lat=50.450739 lon=30.461242 alt=150.82m yaw=359.34deg | target_alt=300.0
2026-04-16 20:52:29,788 | Takeoff | lat=50.450739 lon=30.461242 alt=153.33m yaw=359.33deg | target_alt=300.0
2026-04-16 20:52:30,790 | Takeoff | lat=50.450739 lon=30.461242 alt=155.80m yaw=359.37deg | target_alt=300.0
2026-04-16 20:52:31,791 | Takeoff | lat=50.450739 lon=30.461243 alt=158.35m yaw=359.35deg | target_alt=300.0
2026-04-16 20:52:32,792 | Takeoff | lat=50.450739 lon=30.461242 alt=160.82m yaw=359.33deg | target_alt=300.0
2026-04-16 20:52:33,794 | Takeoff | lat=50.450739 lon=30.461242 alt=163.30m yaw=359.35deg | target_alt=300.0
2026-04-16 20:52:34,795 | Takeoff | lat=50.450739 lon=30.461242 alt=165.83m yaw=359.34deg | target_alt=300.0
2026-04-16 20:52:35,797 | Takeoff | lat=50.450739 lon=30.461242 alt=168.32m yaw=359.33deg | target_alt=300.0
2026-04-16 20:52:36,798 | Takeoff | lat=50.450739 lon=30.461242 alt=170.81m yaw=359.37deg | target_alt=300.0
2026-04-16 20:52:37,799 | Takeoff | lat=50.450739 lon=30.461242 alt=173.35m yaw=359.33deg | target_alt=300.0
2026-04-16 20:52:38,801 | Takeoff | lat=50.450739 lon=30.461242 alt=175.82m yaw=359.33deg | target_alt=300.0
2026-04-16 20:52:39,802 | Takeoff | lat=50.450739 lon=30.461242 alt=178.30m yaw=359.38deg | target_alt=300.0
2026-04-16 20:52:40,803 | Takeoff | lat=50.450739 lon=30.461242 alt=180.82m yaw=359.30deg | target_alt=300.0
2026-04-16 20:52:41,804 | Takeoff | lat=50.450739 lon=30.461242 alt=183.33m yaw=359.35deg | target_alt=300.0
2026-04-16 20:52:42,805 | Takeoff | lat=50.450739 lon=30.461242 alt=185.86m yaw=359.30deg | target_alt=300.0
2026-04-16 20:52:43,806 | Takeoff | lat=50.450739 lon=30.461242 alt=188.30m yaw=359.35deg | target_alt=300.0
2026-04-16 20:52:44,807 | Takeoff | lat=50.450739 lon=30.461242 alt=190.84m yaw=359.29deg | target_alt=300.0
2026-04-16 20:52:45,808 | Takeoff | lat=50.450739 lon=30.461242 alt=193.33m yaw=359.34deg | target_alt=300.0
2026-04-16 20:52:46,810 | Takeoff | lat=50.450739 lon=30.461243 alt=195.77m yaw=359.42deg | target_alt=300.0
2026-04-16 20:52:47,811 | Takeoff | lat=50.450739 lon=30.461242 alt=198.33m yaw=359.25deg | target_alt=300.0
2026-04-16 20:52:48,812 | Takeoff | lat=50.450739 lon=30.461242 alt=200.80m yaw=359.37deg | target_alt=300.0
2026-04-16 20:52:49,814 | Takeoff | lat=50.450739 lon=30.461242 alt=203.33m yaw=359.30deg | target_alt=300.0
2026-04-16 20:52:50,815 | Takeoff | lat=50.450739 lon=30.461242 alt=205.82m yaw=359.34deg | target_alt=300.0
2026-04-16 20:52:51,817 | Takeoff | lat=50.450739 lon=30.461242 alt=208.32m yaw=359.24deg | target_alt=300.0
2026-04-16 20:52:52,819 | Takeoff | lat=50.450739 lon=30.461242 alt=210.80m yaw=359.37deg | target_alt=300.0
2026-04-16 20:52:53,820 | Takeoff | lat=50.450739 lon=30.461242 alt=213.32m yaw=359.32deg | target_alt=300.0
2026-04-16 20:52:54,821 | Takeoff | lat=50.450739 lon=30.461242 alt=215.80m yaw=359.36deg | target_alt=300.0
2026-04-16 20:52:55,822 | Takeoff | lat=50.450739 lon=30.461242 alt=218.32m yaw=359.32deg | target_alt=300.0
2026-04-16 20:52:56,823 | Takeoff | lat=50.450739 lon=30.461243 alt=220.87m yaw=359.24deg | target_alt=300.0
2026-04-16 20:52:57,824 | Takeoff | lat=50.450739 lon=30.461242 alt=223.33m yaw=359.35deg | target_alt=300.0
2026-04-16 20:52:58,825 | Takeoff | lat=50.450739 lon=30.461242 alt=225.84m yaw=359.33deg | target_alt=300.0
2026-04-16 20:52:59,826 | Takeoff | lat=50.450739 lon=30.461242 alt=228.32m yaw=359.37deg | target_alt=300.0
2026-04-16 20:53:00,827 | Takeoff | lat=50.450739 lon=30.461242 alt=230.78m yaw=359.32deg | target_alt=300.0
2026-04-16 20:53:01,830 | Takeoff | lat=50.450739 lon=30.461242 alt=233.30m yaw=359.36deg | target_alt=300.0
2026-04-16 20:53:02,831 | Takeoff | lat=50.450739 lon=30.461242 alt=235.81m yaw=359.39deg | target_alt=300.0
2026-04-16 20:53:03,833 | Takeoff | lat=50.450739 lon=30.461242 alt=238.31m yaw=359.37deg | target_alt=300.0
2026-04-16 20:53:04,835 | Takeoff | lat=50.450739 lon=30.461242 alt=240.86m yaw=359.31deg | target_alt=300.0
2026-04-16 20:53:05,836 | Takeoff | lat=50.450739 lon=30.461242 alt=243.31m yaw=359.31deg | target_alt=300.0
2026-04-16 20:53:06,837 | Takeoff | lat=50.450739 lon=30.461242 alt=245.84m yaw=359.34deg | target_alt=300.0
2026-04-16 20:53:07,852 | Takeoff | lat=50.450739 lon=30.461242 alt=248.26m yaw=359.41deg | target_alt=300.0
2026-04-16 20:53:08,853 | Takeoff | lat=50.450739 lon=30.461242 alt=250.82m yaw=359.31deg | target_alt=300.0
2026-04-16 20:53:09,855 | Takeoff | lat=50.450739 lon=30.461242 alt=253.35m yaw=359.32deg | target_alt=300.0
2026-04-16 20:53:10,856 | Takeoff | lat=50.450739 lon=30.461242 alt=255.81m yaw=359.32deg | target_alt=300.0
2026-04-16 20:53:11,857 | Takeoff | lat=50.450739 lon=30.461242 alt=258.32m yaw=359.36deg | target_alt=300.0
2026-04-16 20:53:12,858 | Takeoff | lat=50.450739 lon=30.461242 alt=260.81m yaw=359.30deg | target_alt=300.0
2026-04-16 20:53:13,859 | Takeoff | lat=50.450738 lon=30.461242 alt=263.35m yaw=359.35deg | target_alt=300.0
2026-04-16 20:53:14,860 | Takeoff | lat=50.450738 lon=30.461242 alt=265.81m yaw=359.31deg | target_alt=300.0
2026-04-16 20:53:15,861 | Takeoff | lat=50.450739 lon=30.461242 alt=268.32m yaw=359.34deg | target_alt=300.0
2026-04-16 20:53:16,862 | Takeoff | lat=50.450739 lon=30.461242 alt=270.83m yaw=359.32deg | target_alt=300.0
2026-04-16 20:53:17,863 | Takeoff | lat=50.450739 lon=30.461243 alt=273.32m yaw=359.38deg | target_alt=300.0
2026-04-16 20:53:18,866 | Takeoff | lat=50.450739 lon=30.461242 alt=275.81m yaw=359.33deg | target_alt=300.0
2026-04-16 20:53:19,867 | Takeoff | lat=50.450739 lon=30.461242 alt=278.33m yaw=359.30deg | target_alt=300.0
2026-04-16 20:53:20,868 | Takeoff | lat=50.450739 lon=30.461242 alt=280.81m yaw=359.32deg | target_alt=300.0
2026-04-16 20:53:21,869 | Takeoff | lat=50.450739 lon=30.461242 alt=283.31m yaw=359.37deg | target_alt=300.0
2026-04-16 20:53:22,870 | Takeoff | lat=50.450739 lon=30.461243 alt=285.77m yaw=359.42deg | target_alt=300.0
2026-04-16 20:53:22,870 | Reached target altitude: 285.77 m
2026-04-16 20:53:22,870 | After takeoff | lat=50.450739 lon=30.461243 alt=285.77m yaw=359.42deg | at mission altitude
2026-04-16 20:53:22,871 | Flying to target...
2026-04-16 20:53:22,871 | Cruise | lat=50.450739 lon=30.461243 alt=285.77m yaw=359.42deg | dist=1245.7m | target_alt=300.0
2026-04-16 20:53:23,872 | Cruise | lat=50.450738 lon=30.461240 alt=288.16m yaw=353.86deg | dist=1245.5m | target_alt=300.0
2026-04-16 20:53:24,873 | Cruise | lat=50.450724 lon=30.461216 alt=289.54m yaw=291.37deg | dist=1243.1m | target_alt=300.0
2026-04-16 20:53:24,874 | Reissuing yaw hold: 359.6 deg
2026-04-16 20:53:25,874 | Cruise | lat=50.450695 lon=30.461164 alt=289.93m yaw=231.79deg | dist=1238.3m | target_alt=300.0
2026-04-16 20:53:25,875 | Reissuing yaw hold: 359.6 deg
2026-04-16 20:53:26,876 | Cruise | lat=50.450652 lon=30.461088 alt=289.92m yaw=244.80deg | dist=1231.1m | target_alt=300.0
2026-04-16 20:53:26,877 | Reissuing yaw hold: 359.6 deg
2026-04-16 20:53:27,878 | Cruise | lat=50.450605 lon=30.461004 alt=290.02m yaw=254.47deg | dist=1223.1m | target_alt=300.0
2026-04-16 20:53:27,878 | Reissuing yaw hold: 359.6 deg
2026-04-16 20:53:28,881 | Cruise | lat=50.450557 lon=30.460919 alt=290.11m yaw=264.68deg | dist=1215.1m | target_alt=300.0
2026-04-16 20:53:28,881 | Reissuing yaw hold: 359.6 deg
2026-04-16 20:53:29,882 | Cruise | lat=50.450508 lon=30.460833 alt=290.19m yaw=274.82deg | dist=1206.9m | target_alt=300.0
2026-04-16 20:53:29,883 | Reissuing yaw hold: 359.6 deg
2026-04-16 20:53:30,884 | Cruise | lat=50.450460 lon=30.460747 alt=290.25m yaw=284.95deg | dist=1198.8m | target_alt=300.0
2026-04-16 20:53:30,885 | Reissuing yaw hold: 359.6 deg
2026-04-16 20:53:31,886 | Cruise | lat=50.450412 lon=30.460662 alt=290.31m yaw=295.07deg | dist=1190.7m | target_alt=300.0
2026-04-16 20:53:31,886 | Reissuing yaw hold: 359.6 deg
2026-04-16 20:53:32,888 | Cruise | lat=50.450364 lon=30.460577 alt=290.38m yaw=305.14deg | dist=1182.7m | target_alt=300.0
2026-04-16 20:53:32,888 | Reissuing yaw hold: 359.6 deg
2026-04-16 20:53:33,889 | Cruise | lat=50.450317 lon=30.460493 alt=290.44m yaw=315.24deg | dist=1174.8m | target_alt=300.0
2026-04-16 20:53:33,890 | Reissuing yaw hold: 359.6 deg
2026-04-16 20:53:34,891 | Cruise | lat=50.450270 lon=30.460409 alt=290.53m yaw=325.20deg | dist=1166.8m | target_alt=300.0
2026-04-16 20:53:34,891 | Reissuing yaw hold: 359.6 deg
2026-04-16 20:53:35,892 | Cruise | lat=50.450222 lon=30.460324 alt=290.57m yaw=335.17deg | dist=1158.8m | target_alt=300.0
2026-04-16 20:53:35,893 | Reissuing yaw hold: 359.6 deg
2026-04-16 20:53:36,894 | Cruise | lat=50.450174 lon=30.460239 alt=290.65m yaw=345.17deg | dist=1150.7m | target_alt=300.0
2026-04-16 20:53:36,894 | Reissuing yaw hold: 359.6 deg
2026-04-16 20:53:37,895 | Cruise | lat=50.450126 lon=30.460154 alt=290.69m yaw=355.17deg | dist=1142.7m | target_alt=300.0
2026-04-16 20:53:38,897 | Cruise | lat=50.450078 lon=30.460070 alt=290.79m yaw=0.11deg | dist=1134.7m | target_alt=300.0
2026-04-16 20:53:39,898 | Cruise | lat=50.450031 lon=30.459985 alt=290.85m yaw=359.74deg | dist=1126.7m | target_alt=300.0
2026-04-16 20:53:40,900 | Cruise | lat=50.449983 lon=30.459901 alt=290.91m yaw=359.74deg | dist=1118.7m | target_alt=300.0
2026-04-16 20:53:41,901 | Cruise | lat=50.449936 lon=30.459816 alt=290.94m yaw=359.71deg | dist=1110.7m | target_alt=300.0
2026-04-16 20:53:42,902 | Cruise | lat=50.449888 lon=30.459731 alt=291.00m yaw=359.71deg | dist=1102.7m | target_alt=300.0
2026-04-16 20:53:43,904 | Cruise | lat=50.449840 lon=30.459647 alt=291.10m yaw=359.68deg | dist=1094.7m | target_alt=300.0
2026-04-16 20:53:44,904 | Cruise | lat=50.449793 lon=30.459563 alt=291.16m yaw=359.69deg | dist=1086.7m | target_alt=300.0
2026-04-16 20:53:45,905 | Cruise | lat=50.449745 lon=30.459478 alt=291.22m yaw=359.69deg | dist=1078.7m | target_alt=300.0
2026-04-16 20:53:46,906 | Cruise | lat=50.449697 lon=30.459393 alt=291.28m yaw=359.67deg | dist=1070.7m | target_alt=300.0
2026-04-16 20:53:47,908 | Cruise | lat=50.449650 lon=30.459309 alt=291.37m yaw=359.65deg | dist=1062.7m | target_alt=300.0
2026-04-16 20:53:48,908 | Cruise | lat=50.449602 lon=30.459225 alt=291.40m yaw=359.66deg | dist=1054.7m | target_alt=300.0
2026-04-16 20:53:49,909 | Cruise | lat=50.449555 lon=30.459140 alt=291.48m yaw=359.65deg | dist=1046.7m | target_alt=300.0
2026-04-16 20:53:50,911 | Cruise | lat=50.449507 lon=30.459055 alt=291.55m yaw=359.65deg | dist=1038.7m | target_alt=300.0
2026-04-16 20:53:51,912 | Cruise | lat=50.449459 lon=30.458970 alt=291.62m yaw=359.62deg | dist=1030.7m | target_alt=300.0
2026-04-16 20:53:52,914 | Cruise | lat=50.449412 lon=30.458886 alt=291.69m yaw=359.63deg | dist=1022.7m | target_alt=300.0
2026-04-16 20:53:53,916 | Cruise | lat=50.449364 lon=30.458801 alt=291.74m yaw=359.63deg | dist=1014.7m | target_alt=300.0
2026-04-16 20:53:54,917 | Cruise | lat=50.449317 lon=30.458717 alt=291.82m yaw=359.62deg | dist=1006.7m | target_alt=300.0
2026-04-16 20:53:55,918 | Cruise | lat=50.449269 lon=30.458633 alt=291.86m yaw=359.61deg | dist=998.7m | target_alt=300.0
2026-04-16 20:53:56,920 | Cruise | lat=50.449222 lon=30.458548 alt=291.96m yaw=359.57deg | dist=990.7m | target_alt=300.0
2026-04-16 20:53:57,921 | Cruise | lat=50.449174 lon=30.458463 alt=291.98m yaw=359.61deg | dist=982.7m | target_alt=300.0
2026-04-16 20:53:58,923 | Cruise | lat=50.449126 lon=30.458379 alt=292.08m yaw=359.59deg | dist=974.7m | target_alt=300.0
2026-04-16 20:53:59,924 | Cruise | lat=50.449079 lon=30.458295 alt=292.13m yaw=359.58deg | dist=966.7m | target_alt=300.0
2026-04-16 20:54:00,924 | Cruise | lat=50.449031 lon=30.458210 alt=292.21m yaw=359.58deg | dist=958.7m | target_alt=300.0
2026-04-16 20:54:01,925 | Cruise | lat=50.448983 lon=30.458125 alt=292.26m yaw=359.60deg | dist=950.7m | target_alt=300.0
2026-04-16 20:54:02,927 | Cruise | lat=50.448936 lon=30.458040 alt=292.31m yaw=359.57deg | dist=942.7m | target_alt=300.0
2026-04-16 20:54:03,927 | Cruise | lat=50.448888 lon=30.457956 alt=292.39m yaw=359.59deg | dist=934.7m | target_alt=300.0
2026-04-16 20:54:04,928 | Cruise | lat=50.448841 lon=30.457872 alt=292.42m yaw=359.59deg | dist=926.7m | target_alt=300.0
2026-04-16 20:54:05,929 | Cruise | lat=50.448793 lon=30.457787 alt=292.53m yaw=359.58deg | dist=918.7m | target_alt=300.0
2026-04-16 20:54:06,931 | Cruise | lat=50.448745 lon=30.457702 alt=292.59m yaw=359.56deg | dist=910.7m | target_alt=300.0
2026-04-16 20:54:07,932 | Cruise | lat=50.448698 lon=30.457617 alt=292.66m yaw=359.58deg | dist=902.7m | target_alt=300.0
2026-04-16 20:54:08,933 | Cruise | lat=50.448650 lon=30.457533 alt=292.71m yaw=359.59deg | dist=894.7m | target_alt=300.0
2026-04-16 20:54:09,934 | Cruise | lat=50.448602 lon=30.457449 alt=292.74m yaw=359.58deg | dist=886.7m | target_alt=300.0
2026-04-16 20:54:10,935 | Cruise | lat=50.448555 lon=30.457364 alt=292.86m yaw=359.56deg | dist=878.7m | target_alt=300.0
2026-04-16 20:54:11,936 | Cruise | lat=50.448507 lon=30.457280 alt=292.94m yaw=359.57deg | dist=870.7m | target_alt=300.0
2026-04-16 20:54:12,938 | Cruise | lat=50.448460 lon=30.457195 alt=292.96m yaw=359.55deg | dist=862.7m | target_alt=300.0
2026-04-16 20:54:13,939 | Cruise | lat=50.448412 lon=30.457110 alt=293.03m yaw=359.57deg | dist=854.7m | target_alt=300.0
2026-04-16 20:54:14,941 | Cruise | lat=50.448364 lon=30.457026 alt=293.08m yaw=359.56deg | dist=846.7m | target_alt=300.0
2026-04-16 20:54:15,943 | Cruise | lat=50.448317 lon=30.456941 alt=293.17m yaw=359.54deg | dist=838.7m | target_alt=300.0
2026-04-16 20:54:16,944 | Cruise | lat=50.448269 lon=30.456857 alt=293.24m yaw=359.55deg | dist=830.7m | target_alt=300.0
2026-04-16 20:54:17,946 | Cruise | lat=50.448222 lon=30.456772 alt=293.32m yaw=359.55deg | dist=822.7m | target_alt=300.0
2026-04-16 20:54:18,948 | Cruise | lat=50.448162 lon=30.456667 alt=293.38m yaw=359.55deg | dist=812.7m | target_alt=300.0
2026-04-16 20:54:19,949 | Cruise | lat=50.448126 lon=30.456603 alt=293.43m yaw=359.56deg | dist=806.7m | target_alt=300.0
2026-04-16 20:54:20,949 | Cruise | lat=50.448067 lon=30.456498 alt=293.53m yaw=359.51deg | dist=796.7m | target_alt=300.0
2026-04-16 20:54:21,952 | Cruise | lat=50.448031 lon=30.456435 alt=293.57m yaw=359.51deg | dist=790.7m | target_alt=300.0
2026-04-16 20:54:22,953 | Cruise | lat=50.447972 lon=30.456329 alt=293.64m yaw=359.57deg | dist=780.7m | target_alt=300.0
2026-04-16 20:54:23,954 | Cruise | lat=50.447924 lon=30.456244 alt=293.70m yaw=359.54deg | dist=772.7m | target_alt=300.0
2026-04-16 20:54:24,955 | Cruise | lat=50.447888 lon=30.456181 alt=293.74m yaw=359.54deg | dist=766.7m | target_alt=300.0
2026-04-16 20:54:25,956 | Cruise | lat=50.447829 lon=30.456075 alt=293.85m yaw=359.54deg | dist=756.7m | target_alt=300.0
2026-04-16 20:54:26,957 | Cruise | lat=50.447781 lon=30.455990 alt=293.94m yaw=359.55deg | dist=748.7m | target_alt=300.0
2026-04-16 20:54:27,958 | Cruise | lat=50.447733 lon=30.455905 alt=293.98m yaw=359.54deg | dist=740.7m | target_alt=300.0
2026-04-16 20:54:28,959 | Cruise | lat=50.447686 lon=30.455821 alt=294.02m yaw=359.56deg | dist=732.7m | target_alt=300.0
2026-04-16 20:54:29,961 | Cruise | lat=50.447638 lon=30.455736 alt=294.11m yaw=359.55deg | dist=724.7m | target_alt=300.0
2026-04-16 20:54:30,962 | Cruise | lat=50.447591 lon=30.455653 alt=294.19m yaw=359.53deg | dist=716.7m | target_alt=300.0
2026-04-16 20:54:31,963 | Cruise | lat=50.447543 lon=30.455568 alt=294.21m yaw=359.52deg | dist=708.7m | target_alt=300.0
2026-04-16 20:54:32,965 | Cruise | lat=50.447496 lon=30.455483 alt=294.25m yaw=359.56deg | dist=700.7m | target_alt=300.0
2026-04-16 20:54:33,966 | Cruise | lat=50.447448 lon=30.455398 alt=294.38m yaw=359.55deg | dist=692.7m | target_alt=300.0
2026-04-16 20:54:34,968 | Cruise | lat=50.447400 lon=30.455314 alt=294.41m yaw=359.56deg | dist=684.7m | target_alt=300.0
2026-04-16 20:54:35,969 | Cruise | lat=50.447353 lon=30.455230 alt=294.51m yaw=359.52deg | dist=676.7m | target_alt=300.0
2026-04-16 20:54:36,971 | Cruise | lat=50.447317 lon=30.455167 alt=294.55m yaw=359.50deg | dist=670.8m | target_alt=300.0
2026-04-16 20:54:37,973 | Cruise | lat=50.447258 lon=30.455061 alt=294.62m yaw=359.55deg | dist=660.7m | target_alt=300.0
2026-04-16 20:54:38,974 | Cruise | lat=50.447210 lon=30.454976 alt=294.69m yaw=359.56deg | dist=652.7m | target_alt=300.0
2026-04-16 20:54:39,975 | Cruise | lat=50.447162 lon=30.454891 alt=294.75m yaw=359.53deg | dist=644.7m | target_alt=300.0
2026-04-16 20:54:40,977 | Cruise | lat=50.447115 lon=30.454807 alt=294.83m yaw=359.51deg | dist=636.7m | target_alt=300.0
2026-04-16 20:54:41,978 | Cruise | lat=50.447067 lon=30.454722 alt=294.90m yaw=359.54deg | dist=628.7m | target_alt=300.0
2026-04-16 20:54:42,979 | Cruise | lat=50.447019 lon=30.454637 alt=294.95m yaw=359.55deg | dist=620.7m | target_alt=300.0
2026-04-16 20:54:43,981 | Cruise | lat=50.446972 lon=30.454552 alt=294.98m yaw=359.57deg | dist=612.7m | target_alt=300.0
2026-04-16 20:54:44,983 | Cruise | lat=50.446924 lon=30.454468 alt=295.07m yaw=359.53deg | dist=604.7m | target_alt=300.0
2026-04-16 20:54:45,984 | Cruise | lat=50.446877 lon=30.454385 alt=295.15m yaw=359.52deg | dist=596.7m | target_alt=300.0
2026-04-16 20:54:46,985 | Cruise | lat=50.446829 lon=30.454300 alt=295.25m yaw=359.52deg | dist=588.7m | target_alt=300.0
2026-04-16 20:54:47,987 | Cruise | lat=50.446781 lon=30.454216 alt=295.28m yaw=359.55deg | dist=580.7m | target_alt=300.0
2026-04-16 20:54:48,989 | Cruise | lat=50.446734 lon=30.454130 alt=295.32m yaw=359.56deg | dist=572.7m | target_alt=300.0
2026-04-16 20:54:49,990 | Cruise | lat=50.446686 lon=30.454046 alt=295.42m yaw=359.54deg | dist=564.7m | target_alt=300.0
2026-04-16 20:54:50,991 | Cruise | lat=50.446639 lon=30.453962 alt=295.49m yaw=359.53deg | dist=556.7m | target_alt=300.0
2026-04-16 20:54:51,993 | Cruise | lat=50.446591 lon=30.453878 alt=295.54m yaw=359.52deg | dist=548.8m | target_alt=300.0
2026-04-16 20:54:52,994 | Cruise | lat=50.446544 lon=30.453793 alt=295.60m yaw=359.52deg | dist=540.8m | target_alt=300.0
2026-04-16 20:54:53,995 | Cruise | lat=50.446496 lon=30.453708 alt=295.65m yaw=359.56deg | dist=532.7m | target_alt=300.0
2026-04-16 20:54:54,997 | Cruise | lat=50.446448 lon=30.453623 alt=295.73m yaw=359.55deg | dist=524.7m | target_alt=300.0
2026-04-16 20:54:55,998 | Cruise | lat=50.446401 lon=30.453539 alt=295.77m yaw=359.53deg | dist=516.7m | target_alt=300.0
2026-04-16 20:54:56,999 | Cruise | lat=50.446353 lon=30.453454 alt=295.86m yaw=359.54deg | dist=508.7m | target_alt=300.0
2026-04-16 20:54:58,001 | Cruise | lat=50.446305 lon=30.453370 alt=295.93m yaw=359.51deg | dist=500.7m | target_alt=300.0
2026-04-16 20:54:59,002 | Cruise | lat=50.446258 lon=30.453285 alt=295.98m yaw=359.53deg | dist=492.7m | target_alt=300.0
2026-04-16 20:55:00,003 | Cruise | lat=50.446210 lon=30.453201 alt=296.05m yaw=359.54deg | dist=484.7m | target_alt=300.0
2026-04-16 20:55:01,004 | Cruise | lat=50.446162 lon=30.453116 alt=296.12m yaw=359.55deg | dist=476.7m | target_alt=300.0
2026-04-16 20:55:02,005 | Cruise | lat=50.446115 lon=30.453032 alt=296.20m yaw=359.51deg | dist=468.7m | target_alt=300.0
2026-04-16 20:55:03,007 | Cruise | lat=50.446067 lon=30.452947 alt=296.23m yaw=359.55deg | dist=460.7m | target_alt=300.0
2026-04-16 20:55:04,007 | Cruise | lat=50.446020 lon=30.452862 alt=296.34m yaw=359.54deg | dist=452.7m | target_alt=300.0
2026-04-16 20:55:05,009 | Cruise | lat=50.445972 lon=30.452778 alt=296.37m yaw=359.54deg | dist=444.7m | target_alt=300.0
2026-04-16 20:55:06,011 | Cruise | lat=50.445924 lon=30.452693 alt=296.46m yaw=359.55deg | dist=436.7m | target_alt=300.0
2026-04-16 20:55:07,012 | Cruise | lat=50.445877 lon=30.452609 alt=296.52m yaw=359.52deg | dist=428.8m | target_alt=300.0
2026-04-16 20:55:08,013 | Cruise | lat=50.445830 lon=30.452525 alt=296.57m yaw=359.54deg | dist=420.8m | target_alt=300.0
2026-04-16 20:55:09,014 | Cruise | lat=50.445782 lon=30.452440 alt=296.65m yaw=359.51deg | dist=412.8m | target_alt=300.0
2026-04-16 20:55:10,016 | Cruise | lat=50.445734 lon=30.452355 alt=296.67m yaw=359.56deg | dist=404.7m | target_alt=300.0
2026-04-16 20:55:11,017 | Cruise | lat=50.445686 lon=30.452271 alt=296.79m yaw=359.54deg | dist=396.7m | target_alt=300.0
2026-04-16 20:55:12,020 | Cruise | lat=50.445639 lon=30.452187 alt=296.87m yaw=359.50deg | dist=388.8m | target_alt=300.0
2026-04-16 20:55:13,021 | Cruise | lat=50.445591 lon=30.452102 alt=296.88m yaw=359.51deg | dist=380.8m | target_alt=300.0
2026-04-16 20:55:14,022 | Cruise | lat=50.445543 lon=30.452017 alt=296.94m yaw=359.57deg | dist=372.7m | target_alt=300.0
2026-04-16 20:55:15,024 | Cruise | lat=50.445496 lon=30.451932 alt=297.01m yaw=359.56deg | dist=364.7m | target_alt=300.0
2026-04-16 20:55:16,025 | Cruise | lat=50.445448 lon=30.451848 alt=297.12m yaw=359.53deg | dist=356.7m | target_alt=300.0
2026-04-16 20:55:17,026 | Cruise | lat=50.445401 lon=30.451763 alt=297.16m yaw=359.50deg | dist=348.7m | target_alt=300.0
2026-04-16 20:55:18,027 | Cruise | lat=50.445353 lon=30.451679 alt=297.21m yaw=359.52deg | dist=340.7m | target_alt=300.0
2026-04-16 20:55:19,028 | Cruise | lat=50.445306 lon=30.451594 alt=297.29m yaw=359.55deg | dist=332.7m | target_alt=300.0
2026-04-16 20:55:20,029 | Cruise | lat=50.445258 lon=30.451510 alt=297.34m yaw=359.52deg | dist=324.7m | target_alt=300.0
2026-04-16 20:55:21,031 | Cruise | lat=50.445210 lon=30.451425 alt=297.42m yaw=359.55deg | dist=316.7m | target_alt=300.0
2026-04-16 20:55:22,032 | Cruise | lat=50.445163 lon=30.451341 alt=297.47m yaw=359.56deg | dist=308.7m | target_alt=300.0
2026-04-16 20:55:23,034 | Cruise | lat=50.445115 lon=30.451256 alt=297.54m yaw=359.54deg | dist=300.7m | target_alt=300.0
2026-04-16 20:55:24,034 | Cruise | lat=50.445068 lon=30.451172 alt=297.63m yaw=359.53deg | dist=292.7m | target_alt=300.0
2026-04-16 20:55:25,037 | Cruise | lat=50.445020 lon=30.451087 alt=297.72m yaw=359.53deg | dist=284.7m | target_alt=300.0
2026-04-16 20:55:26,038 | Cruise | lat=50.444972 lon=30.451003 alt=297.75m yaw=359.56deg | dist=276.7m | target_alt=300.0
2026-04-16 20:55:27,040 | Cruise | lat=50.444925 lon=30.450919 alt=297.81m yaw=359.53deg | dist=268.8m | target_alt=300.0
2026-04-16 20:55:28,042 | Cruise | lat=50.444877 lon=30.450834 alt=297.89m yaw=359.51deg | dist=260.8m | target_alt=300.0
2026-04-16 20:55:29,043 | Cruise | lat=50.444830 lon=30.450749 alt=297.94m yaw=359.53deg | dist=252.7m | target_alt=300.0
2026-04-16 20:55:30,045 | Cruise | lat=50.444782 lon=30.450664 alt=297.99m yaw=359.57deg | dist=244.7m | target_alt=300.0
2026-04-16 20:55:31,047 | Cruise | lat=50.444734 lon=30.450579 alt=298.09m yaw=359.53deg | dist=236.7m | target_alt=300.0
2026-04-16 20:55:32,048 | Cruise | lat=50.444687 lon=30.450495 alt=298.17m yaw=359.52deg | dist=228.7m | target_alt=300.0
2026-04-16 20:55:33,049 | Cruise | lat=50.444639 lon=30.450411 alt=298.19m yaw=359.53deg | dist=220.7m | target_alt=300.0
2026-04-16 20:55:34,050 | Cruise | lat=50.444592 lon=30.450326 alt=298.26m yaw=359.53deg | dist=212.7m | target_alt=300.0
2026-04-16 20:55:35,051 | Cruise | lat=50.444544 lon=30.450242 alt=298.33m yaw=359.53deg | dist=204.7m | target_alt=300.0
2026-04-16 20:55:36,052 | Cruise | lat=50.444496 lon=30.450157 alt=298.42m yaw=359.55deg | dist=196.7m | target_alt=300.0
2026-04-16 20:55:37,054 | Cruise | lat=50.444449 lon=30.450073 alt=298.46m yaw=359.53deg | dist=188.7m | target_alt=300.0
2026-04-16 20:55:38,055 | Cruise | lat=50.444401 lon=30.449988 alt=298.54m yaw=359.50deg | dist=180.7m | target_alt=300.0
2026-04-16 20:55:39,056 | Cruise | lat=50.444354 lon=30.449904 alt=298.57m yaw=359.52deg | dist=172.7m | target_alt=300.0
2026-04-16 20:55:40,058 | Cruise | lat=50.444306 lon=30.449819 alt=298.65m yaw=359.53deg | dist=164.7m | target_alt=300.0
2026-04-16 20:55:41,058 | Cruise | lat=50.444258 lon=30.449735 alt=298.72m yaw=359.52deg | dist=156.7m | target_alt=300.0
2026-04-16 20:55:42,059 | Cruise | lat=50.444211 lon=30.449650 alt=298.80m yaw=359.53deg | dist=148.7m | target_alt=300.0
2026-04-16 20:55:43,060 | Cruise | lat=50.444163 lon=30.449565 alt=298.83m yaw=359.54deg | dist=140.7m | target_alt=300.0
2026-04-16 20:55:44,062 | Cruise | lat=50.444116 lon=30.449481 alt=298.94m yaw=359.51deg | dist=132.7m | target_alt=300.0
2026-04-16 20:55:45,063 | Cruise | lat=50.444068 lon=30.449396 alt=298.99m yaw=359.53deg | dist=124.7m | target_alt=300.0
2026-04-16 20:55:46,064 | Cruise | lat=50.444020 lon=30.449312 alt=299.06m yaw=359.52deg | dist=116.7m | target_alt=300.0
2026-04-16 20:55:47,065 | Cruise | lat=50.443973 lon=30.449227 alt=299.13m yaw=359.52deg | dist=108.7m | target_alt=300.0
2026-04-16 20:55:48,067 | Cruise | lat=50.443925 lon=30.449143 alt=299.19m yaw=359.52deg | dist=100.7m | target_alt=300.0
2026-04-16 20:55:49,069 | Cruise | lat=50.443878 lon=30.449058 alt=299.23m yaw=359.53deg | dist=92.7m | target_alt=300.0
2026-04-16 20:55:50,071 | Cruise | lat=50.443830 lon=30.448973 alt=299.32m yaw=359.52deg | dist=84.7m | target_alt=300.0
2026-04-16 20:55:51,072 | Cruise | lat=50.443782 lon=30.448889 alt=299.34m yaw=359.52deg | dist=76.7m | target_alt=300.0
2026-04-16 20:55:52,073 | Cruise | lat=50.443735 lon=30.448804 alt=299.44m yaw=359.54deg | dist=68.7m | target_alt=300.0
2026-04-16 20:55:53,074 | Cruise | lat=50.443687 lon=30.448719 alt=299.48m yaw=359.55deg | dist=60.7m | target_alt=300.0
2026-04-16 20:55:54,075 | Cruise | lat=50.443640 lon=30.448636 alt=299.59m yaw=359.47deg | dist=52.8m | target_alt=300.0
2026-04-16 20:55:55,076 | Cruise | lat=50.443592 lon=30.448551 alt=299.63m yaw=359.53deg | dist=44.8m | target_alt=300.0
2026-04-16 20:55:56,077 | Cruise | lat=50.443544 lon=30.448466 alt=299.71m yaw=359.53deg | dist=36.7m | target_alt=300.0
2026-04-16 20:55:57,078 | Cruise | lat=50.443497 lon=30.448381 alt=299.76m yaw=359.53deg | dist=28.7m | target_alt=300.0
2026-04-16 20:55:58,079 | Cruise | lat=50.443449 lon=30.448297 alt=299.85m yaw=359.55deg | dist=20.7m | target_alt=300.0
2026-04-16 20:55:59,080 | Cruise | lat=50.443402 lon=30.448213 alt=299.89m yaw=359.67deg | dist=12.8m | target_alt=300.0
2026-04-16 20:55:59,081 | Reached cruise radius: 12.76 m
2026-04-16 20:55:59,081 | Landing...
2026-04-16 20:55:59,082 | Land | lat=50.443402 lon=30.448213 alt=299.89m yaw=359.67deg
2026-04-16 20:56:00,082 | Land | lat=50.443362 lon=30.448142 alt=299.68m yaw=358.98deg
2026-04-16 20:56:01,083 | Land | lat=50.443337 lon=30.448098 alt=298.46m yaw=358.13deg
2026-04-16 20:56:02,085 | Land | lat=50.443327 lon=30.448082 alt=296.92m yaw=358.38deg
2026-04-16 20:56:03,086 | Land | lat=50.443327 lon=30.448081 alt=295.41m yaw=359.03deg
2026-04-16 20:56:04,088 | Land | lat=50.443327 lon=30.448082 alt=293.92m yaw=359.03deg
2026-04-16 20:56:05,089 | Land | lat=50.443328 lon=30.448083 alt=292.43m yaw=359.05deg
2026-04-16 20:56:06,090 | Land | lat=50.443329 lon=30.448084 alt=290.94m yaw=359.03deg
2026-04-16 20:56:07,092 | Land | lat=50.443329 lon=30.448085 alt=289.44m yaw=359.10deg
2026-04-16 20:56:08,093 | Land | lat=50.443329 lon=30.448085 alt=287.95m yaw=359.07deg
2026-04-16 20:56:09,094 | Land | lat=50.443330 lon=30.448085 alt=286.45m yaw=359.07deg
2026-04-16 20:56:10,095 | Land | lat=50.443330 lon=30.448085 alt=284.94m yaw=359.05deg
2026-04-16 20:56:11,096 | Land | lat=50.443330 lon=30.448085 alt=283.45m yaw=359.02deg
2026-04-16 20:56:12,097 | Land | lat=50.443330 lon=30.448085 alt=281.93m yaw=359.02deg
2026-04-16 20:56:13,098 | Land | lat=50.443330 lon=30.448085 alt=280.44m yaw=359.05deg
2026-04-16 20:56:14,099 | Land | lat=50.443330 lon=30.448085 alt=278.93m yaw=359.06deg
2026-04-16 20:56:15,101 | Land | lat=50.443330 lon=30.448085 alt=277.44m yaw=359.09deg
2026-04-16 20:56:16,102 | Land | lat=50.443330 lon=30.448086 alt=275.96m yaw=359.05deg
2026-04-16 20:56:17,103 | Land | lat=50.443330 lon=30.448086 alt=274.43m yaw=359.12deg
2026-04-16 20:56:18,104 | Land | lat=50.443330 lon=30.448086 alt=272.96m yaw=359.05deg
2026-04-16 20:56:19,105 | Land | lat=50.443330 lon=30.448085 alt=271.43m yaw=359.07deg
2026-04-16 20:56:20,107 | Land | lat=50.443330 lon=30.448085 alt=269.94m yaw=359.11deg
2026-04-16 20:56:21,109 | Land | lat=50.443330 lon=30.448085 alt=268.47m yaw=359.00deg
2026-04-16 20:56:22,111 | Land | lat=50.443330 lon=30.448085 alt=266.96m yaw=359.05deg
2026-04-16 20:56:23,112 | Land | lat=50.443330 lon=30.448085 alt=265.44m yaw=359.07deg
2026-04-16 20:56:24,113 | Land | lat=50.443330 lon=30.448085 alt=263.97m yaw=359.05deg
2026-04-16 20:56:25,114 | Land | lat=50.443330 lon=30.448085 alt=262.44m yaw=359.05deg
2026-04-16 20:56:26,116 | Land | lat=50.443330 lon=30.448085 alt=260.93m yaw=359.05deg
2026-04-16 20:56:27,117 | Land | lat=50.443330 lon=30.448085 alt=259.46m yaw=358.99deg
2026-04-16 20:56:28,118 | Land | lat=50.443330 lon=30.448085 alt=257.96m yaw=358.97deg
2026-04-16 20:56:29,119 | Land | lat=50.443330 lon=30.448086 alt=256.43m yaw=359.05deg
2026-04-16 20:56:30,121 | Land | lat=50.443330 lon=30.448086 alt=254.95m yaw=358.97deg
2026-04-16 20:56:31,122 | Land | lat=50.443330 lon=30.448086 alt=253.44m yaw=359.03deg
2026-04-16 20:56:32,124 | Land | lat=50.443330 lon=30.448085 alt=251.96m yaw=359.03deg
2026-04-16 20:56:33,126 | Land | lat=50.443330 lon=30.448085 alt=250.43m yaw=359.06deg
2026-04-16 20:56:34,127 | Land | lat=50.443330 lon=30.448085 alt=248.97m yaw=359.00deg
2026-04-16 20:56:35,128 | Land | lat=50.443330 lon=30.448085 alt=247.44m yaw=359.03deg
2026-04-16 20:56:36,129 | Land | lat=50.443330 lon=30.448085 alt=245.99m yaw=358.96deg
2026-04-16 20:56:37,130 | Land | lat=50.443330 lon=30.448085 alt=244.42m yaw=359.06deg
2026-04-16 20:56:38,131 | Land | lat=50.443330 lon=30.448086 alt=242.94m yaw=359.09deg
2026-04-16 20:56:39,132 | Land | lat=50.443330 lon=30.448086 alt=241.48m yaw=359.03deg
2026-04-16 20:56:40,133 | Land | lat=50.443330 lon=30.448086 alt=239.94m yaw=359.08deg
2026-04-16 20:56:41,135 | Land | lat=50.443330 lon=30.448085 alt=238.43m yaw=359.07deg
2026-04-16 20:56:42,136 | Land | lat=50.443330 lon=30.448085 alt=236.93m yaw=359.02deg
2026-04-16 20:56:43,137 | Land | lat=50.443330 lon=30.448085 alt=235.44m yaw=359.08deg
2026-04-16 20:56:44,139 | Land | lat=50.443330 lon=30.448086 alt=233.93m yaw=359.11deg
2026-04-16 20:56:45,141 | Land | lat=50.443330 lon=30.448086 alt=232.44m yaw=359.07deg
2026-04-16 20:56:46,142 | Land | lat=50.443330 lon=30.448085 alt=230.95m yaw=359.13deg
2026-04-16 20:56:47,143 | Land | lat=50.443330 lon=30.448085 alt=229.46m yaw=359.04deg
2026-04-16 20:56:48,144 | Land | lat=50.443330 lon=30.448085 alt=227.94m yaw=359.05deg
2026-04-16 20:56:49,145 | Land | lat=50.443330 lon=30.448085 alt=226.45m yaw=359.03deg
2026-04-16 20:56:50,146 | Land | lat=50.443330 lon=30.448086 alt=224.95m yaw=359.03deg
2026-04-16 20:56:51,147 | Land | lat=50.443330 lon=30.448086 alt=223.46m yaw=358.98deg
2026-04-16 20:56:52,149 | Land | lat=50.443330 lon=30.448085 alt=221.92m yaw=359.11deg
2026-04-16 20:56:53,150 | Land | lat=50.443330 lon=30.448085 alt=220.46m yaw=359.06deg
2026-04-16 20:56:54,151 | Land | lat=50.443330 lon=30.448085 alt=218.95m yaw=359.06deg
2026-04-16 20:56:55,152 | Land | lat=50.443330 lon=30.448085 alt=217.45m yaw=359.03deg
2026-04-16 20:56:56,153 | Land | lat=50.443330 lon=30.448085 alt=215.93m yaw=359.14deg
2026-04-16 20:56:57,154 | Land | lat=50.443330 lon=30.448085 alt=214.46m yaw=359.09deg
2026-04-16 20:56:58,155 | Land | lat=50.443330 lon=30.448086 alt=212.96m yaw=359.02deg
2026-04-16 20:56:59,156 | Land | lat=50.443329 lon=30.448085 alt=211.45m yaw=359.03deg
2026-04-16 20:57:00,156 | Land | lat=50.443329 lon=30.448085 alt=209.95m yaw=359.02deg
2026-04-16 20:57:01,157 | Land | lat=50.443329 lon=30.448085 alt=208.47m yaw=359.05deg
2026-04-16 20:57:02,158 | Land | lat=50.443330 lon=30.448085 alt=206.94m yaw=359.11deg
2026-04-16 20:57:03,160 | Land | lat=50.443330 lon=30.448085 alt=205.45m yaw=359.12deg
2026-04-16 20:57:04,160 | Land | lat=50.443330 lon=30.448085 alt=203.96m yaw=359.07deg
2026-04-16 20:57:05,162 | Land | lat=50.443330 lon=30.448085 alt=202.45m yaw=359.03deg
2026-04-16 20:57:06,163 | Land | lat=50.443330 lon=30.448085 alt=200.95m yaw=359.05deg
2026-04-16 20:57:07,165 | Land | lat=50.443330 lon=30.448085 alt=199.46m yaw=359.08deg
2026-04-16 20:57:08,166 | Land | lat=50.443330 lon=30.448085 alt=197.94m yaw=359.05deg
2026-04-16 20:57:09,168 | Land | lat=50.443330 lon=30.448085 alt=196.45m yaw=359.13deg
2026-04-16 20:57:10,169 | Land | lat=50.443330 lon=30.448085 alt=194.95m yaw=359.08deg
2026-04-16 20:57:11,171 | Land | lat=50.443330 lon=30.448085 alt=193.45m yaw=359.07deg
2026-04-16 20:57:12,172 | Land | lat=50.443330 lon=30.448085 alt=191.95m yaw=359.06deg
2026-04-16 20:57:13,173 | Land | lat=50.443330 lon=30.448085 alt=190.46m yaw=359.01deg
2026-04-16 20:57:14,174 | Land | lat=50.443330 lon=30.448085 alt=188.94m yaw=359.10deg
2026-04-16 20:57:15,175 | Land | lat=50.443330 lon=30.448085 alt=187.45m yaw=359.09deg
2026-04-16 20:57:16,176 | Land | lat=50.443330 lon=30.448085 alt=185.96m yaw=359.07deg
2026-04-16 20:57:17,177 | Land | lat=50.443330 lon=30.448085 alt=184.47m yaw=358.96deg
2026-04-16 20:57:18,178 | Land | lat=50.443330 lon=30.448085 alt=182.94m yaw=359.03deg
2026-04-16 20:57:19,180 | Land | lat=50.443330 lon=30.448085 alt=181.44m yaw=359.11deg
2026-04-16 20:57:20,181 | Land | lat=50.443330 lon=30.448085 alt=179.96m yaw=359.07deg
2026-04-16 20:57:21,182 | Land | lat=50.443330 lon=30.448085 alt=178.46m yaw=359.05deg
2026-04-16 20:57:22,184 | Land | lat=50.443330 lon=30.448085 alt=176.97m yaw=359.04deg
2026-04-16 20:57:23,185 | Land | lat=50.443330 lon=30.448085 alt=175.44m yaw=359.12deg
2026-04-16 20:57:24,187 | Land | lat=50.443330 lon=30.448085 alt=173.95m yaw=359.04deg
2026-04-16 20:57:25,188 | Land | lat=50.443330 lon=30.448085 alt=172.44m yaw=359.08deg
2026-04-16 20:57:26,189 | Land | lat=50.443330 lon=30.448085 alt=170.97m yaw=358.98deg
2026-04-16 20:57:27,191 | Land | lat=50.443330 lon=30.448086 alt=169.43m yaw=359.08deg
2026-04-16 20:57:28,192 | Land | lat=50.443330 lon=30.448086 alt=167.96m yaw=359.05deg
2026-04-16 20:57:29,193 | Land | lat=50.443330 lon=30.448085 alt=166.43m yaw=359.03deg
2026-04-16 20:57:30,194 | Land | lat=50.443330 lon=30.448085 alt=164.96m yaw=359.05deg
2026-04-16 20:57:31,195 | Land | lat=50.443330 lon=30.448085 alt=163.44m yaw=359.04deg
2026-04-16 20:57:32,197 | Land | lat=50.443330 lon=30.448086 alt=161.95m yaw=359.06deg
2026-04-16 20:57:33,199 | Land | lat=50.443330 lon=30.448085 alt=160.44m yaw=359.10deg
2026-04-16 20:57:34,201 | Land | lat=50.443330 lon=30.448085 alt=158.93m yaw=359.06deg
2026-04-16 20:57:35,202 | Land | lat=50.443330 lon=30.448085 alt=157.44m yaw=359.04deg
2026-04-16 20:57:36,204 | Land | lat=50.443330 lon=30.448085 alt=155.95m yaw=359.09deg
2026-04-16 20:57:37,205 | Land | lat=50.443330 lon=30.448085 alt=154.45m yaw=359.10deg
2026-04-16 20:57:38,206 | Land | lat=50.443330 lon=30.448085 alt=152.96m yaw=359.03deg
2026-04-16 20:57:39,207 | Land | lat=50.443330 lon=30.448085 alt=151.43m yaw=359.09deg
2026-04-16 20:57:40,209 | Land | lat=50.443330 lon=30.448085 alt=149.95m yaw=359.10deg
2026-04-16 20:57:41,210 | Land | lat=50.443330 lon=30.448085 alt=148.47m yaw=358.94deg
2026-04-16 20:57:42,211 | Land | lat=50.443330 lon=30.448085 alt=146.96m yaw=359.02deg
2026-04-16 20:57:43,213 | Land | lat=50.443330 lon=30.448085 alt=145.44m yaw=359.10deg
2026-04-16 20:57:44,214 | Land | lat=50.443330 lon=30.448085 alt=143.96m yaw=359.06deg
2026-04-16 20:57:45,216 | Land | lat=50.443330 lon=30.448085 alt=142.44m yaw=359.11deg
2026-04-16 20:57:46,218 | Land | lat=50.443330 lon=30.448085 alt=140.94m yaw=359.11deg
2026-04-16 20:57:47,219 | Land | lat=50.443330 lon=30.448085 alt=139.46m yaw=359.06deg
2026-04-16 20:57:48,220 | Land | lat=50.443330 lon=30.448085 alt=137.97m yaw=358.99deg
2026-04-16 20:57:49,221 | Land | lat=50.443330 lon=30.448085 alt=136.46m yaw=359.01deg
2026-04-16 20:57:50,222 | Land | lat=50.443330 lon=30.448085 alt=134.94m yaw=359.12deg
2026-04-16 20:57:51,223 | Land | lat=50.443330 lon=30.448085 alt=133.48m yaw=359.01deg
2026-04-16 20:57:52,224 | Land | lat=50.443329 lon=30.448085 alt=131.99m yaw=358.90deg
2026-04-16 20:57:53,225 | Land | lat=50.443330 lon=30.448085 alt=130.45m yaw=359.03deg
2026-04-16 20:57:54,226 | Land | lat=50.443330 lon=30.448085 alt=128.93m yaw=358.99deg
2026-04-16 20:57:55,227 | Land | lat=50.443330 lon=30.448085 alt=127.45m yaw=358.97deg
2026-04-16 20:57:56,229 | Land | lat=50.443330 lon=30.448085 alt=125.94m yaw=359.06deg
2026-04-16 20:57:57,230 | Land | lat=50.443330 lon=30.448086 alt=124.43m yaw=359.05deg
2026-04-16 20:57:58,231 | Land | lat=50.443330 lon=30.448086 alt=122.96m yaw=359.04deg
2026-04-16 20:57:59,232 | Land | lat=50.443330 lon=30.448085 alt=121.46m yaw=359.06deg
2026-04-16 20:58:00,233 | Land | lat=50.443330 lon=30.448085 alt=119.95m yaw=359.06deg
2026-04-16 20:58:01,235 | Land | lat=50.443330 lon=30.448086 alt=118.45m yaw=359.11deg
2026-04-16 20:58:02,237 | Land | lat=50.443330 lon=30.448086 alt=116.95m yaw=359.14deg
2026-04-16 20:58:03,237 | Land | lat=50.443330 lon=30.448086 alt=115.47m yaw=359.13deg
2026-04-16 20:58:04,239 | Land | lat=50.443330 lon=30.448085 alt=113.98m yaw=359.01deg
2026-04-16 20:58:05,239 | Land | lat=50.443330 lon=30.448085 alt=112.46m yaw=359.04deg
2026-04-16 20:58:06,241 | Land | lat=50.443330 lon=30.448085 alt=110.94m yaw=359.06deg
2026-04-16 20:58:07,242 | Land | lat=50.443330 lon=30.448085 alt=109.46m yaw=359.07deg
2026-04-16 20:58:08,243 | Land | lat=50.443330 lon=30.448085 alt=107.96m yaw=359.09deg
2026-04-16 20:58:09,246 | Land | lat=50.443330 lon=30.448085 alt=106.46m yaw=359.10deg
2026-04-16 20:58:10,247 | Land | lat=50.443330 lon=30.448085 alt=104.92m yaw=359.20deg
2026-04-16 20:58:11,248 | Land | lat=50.443330 lon=30.448086 alt=103.43m yaw=359.19deg
2026-04-16 20:58:12,249 | Land | lat=50.443330 lon=30.448086 alt=101.94m yaw=359.21deg
2026-04-16 20:58:13,250 | Land | lat=50.443330 lon=30.448086 alt=100.45m yaw=359.23deg
2026-04-16 20:58:14,251 | Land | lat=50.443330 lon=30.448086 alt=98.95m yaw=359.25deg
2026-04-16 20:58:15,252 | Land | lat=50.443330 lon=30.448085 alt=97.46m yaw=359.18deg
2026-04-16 20:58:16,253 | Land | lat=50.443330 lon=30.448085 alt=95.93m yaw=359.25deg
2026-04-16 20:58:17,254 | Land | lat=50.443330 lon=30.448085 alt=94.45m yaw=359.25deg
2026-04-16 20:58:18,256 | Land | lat=50.443330 lon=30.448086 alt=92.95m yaw=359.34deg
2026-04-16 20:58:19,257 | Land | lat=50.443331 lon=30.448086 alt=91.46m yaw=359.37deg
2026-04-16 20:58:20,258 | Land | lat=50.443330 lon=30.448086 alt=89.95m yaw=359.34deg
2026-04-16 20:58:21,261 | Land | lat=50.443330 lon=30.448086 alt=88.45m yaw=359.28deg
2026-04-16 20:58:22,262 | Land | lat=50.443330 lon=30.448086 alt=86.93m yaw=359.36deg
2026-04-16 20:58:23,263 | Land | lat=50.443330 lon=30.448086 alt=85.46m yaw=359.35deg
2026-04-16 20:58:24,264 | Land | lat=50.443330 lon=30.448085 alt=83.95m yaw=359.41deg
2026-04-16 20:58:25,265 | Land | lat=50.443330 lon=30.448085 alt=82.42m yaw=359.45deg
2026-04-16 20:58:26,266 | Land | lat=50.443330 lon=30.448086 alt=80.93m yaw=359.46deg
2026-04-16 20:58:27,267 | Land | lat=50.443330 lon=30.448086 alt=79.46m yaw=359.45deg
2026-04-16 20:58:28,268 | Land | lat=50.443330 lon=30.448086 alt=77.95m yaw=359.45deg
2026-04-16 20:58:29,269 | Land | lat=50.443330 lon=30.448086 alt=76.45m yaw=359.46deg
2026-04-16 20:58:30,271 | Land | lat=50.443330 lon=30.448086 alt=74.94m yaw=359.47deg
2026-04-16 20:58:31,271 | Land | lat=50.443330 lon=30.448086 alt=73.42m yaw=359.52deg
2026-04-16 20:58:32,273 | Land | lat=50.443330 lon=30.448086 alt=71.97m yaw=359.51deg
2026-04-16 20:58:33,274 | Land | lat=50.443330 lon=30.448086 alt=70.45m yaw=359.53deg
2026-04-16 20:58:34,276 | Land | lat=50.443331 lon=30.448086 alt=68.95m yaw=359.55deg
2026-04-16 20:58:35,278 | Land | lat=50.443330 lon=30.448086 alt=67.47m yaw=359.53deg
2026-04-16 20:58:36,280 | Land | lat=50.443330 lon=30.448086 alt=65.95m yaw=359.55deg
2026-04-16 20:58:37,281 | Land | lat=50.443330 lon=30.448086 alt=64.44m yaw=359.59deg
2026-04-16 20:58:38,282 | Land | lat=50.443330 lon=30.448086 alt=62.94m yaw=359.59deg
2026-04-16 20:58:39,283 | Land | lat=50.443330 lon=30.448086 alt=61.44m yaw=359.59deg
2026-04-16 20:58:40,285 | Land | lat=50.443330 lon=30.448086 alt=59.95m yaw=359.62deg
2026-04-16 20:58:41,286 | Land | lat=50.443330 lon=30.448086 alt=58.46m yaw=359.62deg
2026-04-16 20:58:42,287 | Land | lat=50.443330 lon=30.448086 alt=56.98m yaw=359.63deg
2026-04-16 20:58:43,288 | Land | lat=50.443330 lon=30.448086 alt=55.44m yaw=359.63deg
2026-04-16 20:58:44,290 | Land | lat=50.443330 lon=30.448086 alt=53.94m yaw=359.65deg
2026-04-16 20:58:45,292 | Land | lat=50.443331 lon=30.448086 alt=52.44m yaw=359.65deg
2026-04-16 20:58:46,292 | Land | lat=50.443331 lon=30.448086 alt=50.95m yaw=359.66deg
2026-04-16 20:58:47,293 | Land | lat=50.443331 lon=30.448086 alt=49.43m yaw=359.66deg
2026-04-16 20:58:48,295 | Land | lat=50.443330 lon=30.448086 alt=47.97m yaw=359.66deg
2026-04-16 20:58:49,296 | Land | lat=50.443330 lon=30.448085 alt=46.44m yaw=359.66deg
2026-04-16 20:58:50,297 | Land | lat=50.443330 lon=30.448085 alt=44.96m yaw=359.66deg
2026-04-16 20:58:51,298 | Land | lat=50.443330 lon=30.448085 alt=43.47m yaw=359.66deg
2026-04-16 20:58:52,299 | Land | lat=50.443330 lon=30.448085 alt=41.94m yaw=359.66deg
2026-04-16 20:58:53,300 | Land | lat=50.443330 lon=30.448085 alt=40.44m yaw=359.66deg
2026-04-16 20:58:54,301 | Land | lat=50.443330 lon=30.448085 alt=38.96m yaw=359.66deg
2026-04-16 20:58:55,302 | Land | lat=50.443330 lon=30.448085 alt=37.45m yaw=359.66deg
2026-04-16 20:58:56,304 | Land | lat=50.443330 lon=30.448086 alt=35.96m yaw=359.66deg
2026-04-16 20:58:57,306 | Land | lat=50.443330 lon=30.448086 alt=34.47m yaw=359.66deg
2026-04-16 20:58:58,307 | Land | lat=50.443330 lon=30.448085 alt=33.63m yaw=359.66deg
2026-04-16 20:58:59,308 | Land | lat=50.443330 lon=30.448085 alt=33.20m yaw=359.66deg
2026-04-16 20:59:00,310 | Land | lat=50.443330 lon=30.448085 alt=32.69m yaw=359.66deg
2026-04-16 20:59:01,311 | Land | lat=50.443330 lon=30.448085 alt=32.18m yaw=359.66deg
2026-04-16 20:59:02,313 | Land | lat=50.443330 lon=30.448085 alt=31.68m yaw=359.66deg
2026-04-16 20:59:03,314 | Land | lat=50.443330 lon=30.448085 alt=31.05m yaw=359.66deg
2026-04-16 20:59:04,316 | Land | lat=50.443330 lon=30.448085 alt=30.70m yaw=359.66deg
2026-04-16 20:59:05,317 | Land | lat=50.443330 lon=30.448085 alt=30.04m yaw=359.66deg
2026-04-16 20:59:06,318 | Land | lat=50.443330 lon=30.448085 alt=29.69m yaw=359.66deg
2026-04-16 20:59:07,320 | Land | lat=50.443330 lon=30.448085 alt=29.18m yaw=359.66deg
2026-04-16 20:59:08,321 | Land | lat=50.443330 lon=30.448085 alt=28.68m yaw=359.66deg
2026-04-16 20:59:09,322 | Land | lat=50.443330 lon=30.448085 alt=28.04m yaw=359.66deg
2026-04-16 20:59:10,323 | Land | lat=50.443330 lon=30.448085 alt=27.55m yaw=359.66deg
2026-04-16 20:59:11,325 | Land | lat=50.443330 lon=30.448085 alt=27.07m yaw=359.66deg
2026-04-16 20:59:12,326 | Land | lat=50.443330 lon=30.448085 alt=26.69m yaw=359.66deg
2026-04-16 20:59:13,327 | Land | lat=50.443330 lon=30.448085 alt=26.04m yaw=359.66deg
2026-04-16 20:59:14,328 | Land | lat=50.443330 lon=30.448085 alt=25.66m yaw=359.66deg
2026-04-16 20:59:15,328 | Land | lat=50.443330 lon=30.448085 alt=25.03m yaw=359.66deg
2026-04-16 20:59:16,329 | Land | lat=50.443330 lon=30.448085 alt=24.56m yaw=359.66deg
2026-04-16 20:59:17,331 | Land | lat=50.443330 lon=30.448085 alt=24.17m yaw=359.66deg
2026-04-16 20:59:18,331 | Land | lat=50.443330 lon=30.448085 alt=23.64m yaw=359.66deg
2026-04-16 20:59:19,333 | Land | lat=50.443330 lon=30.448085 alt=23.05m yaw=359.66deg
2026-04-16 20:59:20,335 | Land | lat=50.443330 lon=30.448085 alt=22.58m yaw=359.66deg
2026-04-16 20:59:21,336 | Land | lat=50.443330 lon=30.448085 alt=22.02m yaw=359.66deg
2026-04-16 20:59:22,337 | Land | lat=50.443330 lon=30.448085 alt=21.56m yaw=359.66deg
2026-04-16 20:59:23,338 | Land | lat=50.443330 lon=30.448085 alt=21.07m yaw=359.66deg
2026-04-16 20:59:24,339 | Land | lat=50.443330 lon=30.448085 alt=20.55m yaw=359.66deg
2026-04-16 20:59:25,341 | Land | lat=50.443330 lon=30.448085 alt=20.05m yaw=359.66deg
2026-04-16 20:59:26,342 | Land | lat=50.443330 lon=30.448085 alt=19.56m yaw=359.66deg
2026-04-16 20:59:27,343 | Land | lat=50.443330 lon=30.448085 alt=19.09m yaw=359.66deg
2026-04-16 20:59:28,345 | Land | lat=50.443330 lon=30.448085 alt=18.55m yaw=359.66deg
2026-04-16 20:59:29,347 | Land | lat=50.443330 lon=30.448085 alt=18.03m yaw=359.66deg
2026-04-16 20:59:30,348 | Land | lat=50.443330 lon=30.448085 alt=17.53m yaw=359.66deg
2026-04-16 20:59:31,348 | Land | lat=50.443330 lon=30.448085 alt=17.06m yaw=359.66deg
2026-04-16 20:59:32,349 | Land | lat=50.443330 lon=30.448085 alt=16.56m yaw=359.66deg
2026-04-16 20:59:33,350 | Land | lat=50.443330 lon=30.448085 alt=16.05m yaw=359.66deg
2026-04-16 20:59:34,351 | Land | lat=50.443330 lon=30.448085 alt=15.54m yaw=359.66deg
2026-04-16 20:59:35,352 | Land | lat=50.443330 lon=30.448085 alt=15.05m yaw=359.66deg
2026-04-16 20:59:36,353 | Land | lat=50.443330 lon=30.448085 alt=14.55m yaw=359.66deg
2026-04-16 20:59:37,354 | Land | lat=50.443330 lon=30.448085 alt=14.03m yaw=359.66deg
2026-04-16 20:59:38,355 | Land | lat=50.443330 lon=30.448085 alt=13.53m yaw=359.66deg
2026-04-16 20:59:39,356 | Land | lat=50.443330 lon=30.448086 alt=13.05m yaw=359.66deg
2026-04-16 20:59:40,357 | Land | lat=50.443330 lon=30.448086 alt=12.54m yaw=359.66deg
2026-04-16 20:59:41,359 | Land | lat=50.443330 lon=30.448086 alt=12.04m yaw=359.66deg
2026-04-16 20:59:42,359 | Land | lat=50.443330 lon=30.448085 alt=11.54m yaw=359.66deg
2026-04-16 20:59:43,361 | Land | lat=50.443330 lon=30.448085 alt=11.07m yaw=359.66deg
2026-04-16 20:59:44,362 | Land | lat=50.443330 lon=30.448085 alt=10.58m yaw=359.66deg
2026-04-16 20:59:45,363 | Land | lat=50.443330 lon=30.448085 alt=10.05m yaw=359.65deg
2026-04-16 20:59:46,365 | Land | lat=50.443330 lon=30.448085 alt=9.55m yaw=359.65deg
2026-04-16 20:59:47,367 | Land | lat=50.443330 lon=30.448085 alt=9.02m yaw=359.66deg
2026-04-16 20:59:48,368 | Land | lat=50.443330 lon=30.448085 alt=8.56m yaw=359.66deg
2026-04-16 20:59:49,370 | Land | lat=50.443330 lon=30.448085 alt=8.05m yaw=359.66deg
2026-04-16 20:59:50,371 | Land | lat=50.443330 lon=30.448085 alt=7.58m yaw=359.66deg
2026-04-16 20:59:51,371 | Land | lat=50.443330 lon=30.448085 alt=7.07m yaw=359.66deg
2026-04-16 20:59:52,372 | Land | lat=50.443330 lon=30.448085 alt=6.54m yaw=359.66deg
2026-04-16 20:59:53,374 | Land | lat=50.443330 lon=30.448085 alt=6.04m yaw=359.66deg
2026-04-16 20:59:54,375 | Land | lat=50.443330 lon=30.448085 alt=5.56m yaw=359.65deg
2026-04-16 20:59:55,376 | Land | lat=50.443330 lon=30.448085 alt=5.05m yaw=359.65deg
2026-04-16 20:59:56,377 | Land | lat=50.443330 lon=30.448085 alt=4.54m yaw=359.65deg
2026-04-16 20:59:57,378 | Land | lat=50.443330 lon=30.448085 alt=4.05m yaw=359.66deg
2026-04-16 20:59:58,380 | Land | lat=50.443330 lon=30.448085 alt=3.54m yaw=359.65deg
2026-04-16 20:59:59,381 | Land | lat=50.443330 lon=30.448085 alt=3.04m yaw=359.65deg
2026-04-16 21:00:00,382 | Land | lat=50.443330 lon=30.448085 alt=2.54m yaw=359.66deg
2026-04-16 21:00:01,383 | Land | lat=50.443330 lon=30.448085 alt=2.06m yaw=359.66deg
2026-04-16 21:00:02,385 | Land | lat=50.443330 lon=30.448085 alt=1.54m yaw=359.66deg
2026-04-16 21:00:03,386 | Land | lat=50.443330 lon=30.448085 alt=1.06m yaw=359.66deg
2026-04-16 21:00:04,388 | Land | lat=50.443330 lon=30.448085 alt=0.55m yaw=359.66deg
2026-04-16 21:00:05,389 | Land | lat=50.443330 lon=30.448085 alt=0.03m yaw=359.66deg
2026-04-16 21:00:05,390 | Landing complete at altitude 0.03 m
2026-04-16 21:00:05,390 | Disarming vehicle...
2026-04-16 21:00:15,406 | Disarm request sent, but vehicle still reports armed.
2026-04-16 21:00:15,406 | Mission success
2026-04-16 21:00:15,407 | RC overrides cleared
2026-04-16 21:00:15,464 | Text log: logs\flight_20260416_205121.log
2026-04-16 21:00:15,464 | CSV log: logs\flight_20260416_205121.csv
2026-04-16 21:00:15,465 | Connection closed
